2026-02-16 20:20:12,958-INFO-Etl pipeline started
2026-02-16 20:20:12,959-INFO-Reading dataset
2026-02-16 20:20:15,082-INFO-Dataset read successfully
2026-02-16 20:20:15,082-INFO-extracted 1067371 rows
2026-02-16 20:20:15,083-INFO-Starting data transformation
2026-02-16 20:20:15,744-INFO-Data transformation completed successfully
2026-02-16 20:20:15,748-INFO-transformed data has (805549, 9) rows
2026-02-16 20:20:15,752-INFO-Data validation passed
2026-02-16 20:20:15,752-INFO-started data loading into mysql
2026-02-16 20:20:15,782-ERROR-error in loading data into mysql: 1064 (42000): You have an error in your SQL syntax; check the manual that corresponds to your MySQL server version for the right syntax to use near 'invoice varchar(255),
            stockcode varchar(255),
            descriptio' at line 2
2026-02-16 20:20:15,782-INFO-MySQL connection closed
2026-02-16 20:20:15,783-ERROR-etl pipeline failed with error: 1064 (42000): You have an error in your SQL syntax; check the manual that corresponds to your MySQL server version for the right syntax to use near 'invoice varchar(255),
            stockcode varchar(255),
            descriptio' at line 2
2026-02-16 20:25:08,107-INFO-Etl pipeline started
2026-02-16 20:25:08,107-INFO-Reading dataset
2026-02-16 20:25:10,879-INFO-Dataset read successfully
2026-02-16 20:25:10,879-INFO-extracted 1067371 rows
2026-02-16 20:25:10,880-INFO-Starting data transformation
2026-02-16 20:25:11,602-INFO-Data transformation completed successfully
2026-02-16 20:25:11,608-INFO-transformed data has (805549, 9) rows
2026-02-16 20:25:11,614-INFO-Data validation passed
2026-02-16 20:25:11,614-INFO-started data loading into mysql
2026-02-16 20:25:15,007-INFO-Inserted 5000 rows
2026-02-16 20:25:15,349-INFO-Inserted 10000 rows
2026-02-16 20:25:15,742-INFO-Inserted 15000 rows
2026-02-16 20:25:16,105-INFO-Inserted 20000 rows
2026-02-16 20:25:16,467-INFO-Inserted 25000 rows
2026-02-16 20:25:16,858-INFO-Inserted 30000 rows
2026-02-16 20:25:17,201-INFO-Inserted 35000 rows
2026-02-16 20:25:17,546-INFO-Inserted 40000 rows
2026-02-16 20:25:17,927-INFO-Inserted 45000 rows
2026-02-16 20:25:18,325-INFO-Inserted 50000 rows
2026-02-16 20:25:18,669-INFO-Inserted 55000 rows
2026-02-16 20:25:19,000-INFO-Inserted 60000 rows
2026-02-16 20:25:19,382-INFO-Inserted 65000 rows
2026-02-16 20:25:19,659-INFO-Inserted 70000 rows
2026-02-16 20:25:20,058-INFO-Inserted 75000 rows
2026-02-16 20:25:20,487-INFO-Inserted 80000 rows
2026-02-16 20:25:20,867-INFO-Inserted 85000 rows
2026-02-16 20:25:21,187-INFO-Inserted 90000 rows
2026-02-16 20:25:21,545-INFO-Inserted 95000 rows
2026-02-16 20:25:21,980-INFO-Inserted 100000 rows
2026-02-16 20:25:22,430-INFO-Inserted 105000 rows
2026-02-16 20:25:22,775-INFO-Inserted 110000 rows
2026-02-16 20:25:23,234-INFO-Inserted 115000 rows
2026-02-16 20:25:23,597-INFO-Inserted 120000 rows
2026-02-16 20:25:24,024-INFO-Inserted 125000 rows
2026-02-16 20:25:24,463-INFO-Inserted 130000 rows
2026-02-16 20:25:24,870-INFO-Inserted 135000 rows
2026-02-16 20:25:25,193-INFO-Inserted 140000 rows
2026-02-16 20:25:25,562-INFO-Inserted 145000 rows
2026-02-16 20:25:25,991-INFO-Inserted 150000 rows
2026-02-16 20:25:26,365-INFO-Inserted 155000 rows
2026-02-16 20:25:26,753-INFO-Inserted 160000 rows
2026-02-16 20:25:27,227-INFO-Inserted 165000 rows
2026-02-16 20:25:27,621-INFO-Inserted 170000 rows
2026-02-16 20:25:28,064-INFO-Inserted 175000 rows
2026-02-16 20:25:28,485-INFO-Inserted 180000 rows
2026-02-16 20:25:28,835-INFO-Inserted 185000 rows
2026-02-16 20:25:29,202-INFO-Inserted 190000 rows
2026-02-16 20:25:29,493-INFO-Inserted 195000 rows
2026-02-16 20:25:29,762-INFO-Inserted 200000 rows
2026-02-16 20:25:30,058-INFO-Inserted 205000 rows
2026-02-16 20:25:30,328-INFO-Inserted 210000 rows
2026-02-16 20:25:30,560-INFO-Inserted 215000 rows
2026-02-16 20:25:30,807-INFO-Inserted 220000 rows
2026-02-16 20:25:31,087-INFO-Inserted 225000 rows
2026-02-16 20:25:31,371-INFO-Inserted 230000 rows
2026-02-16 20:25:31,620-INFO-Inserted 235000 rows
2026-02-16 20:25:31,934-INFO-Inserted 240000 rows
2026-02-16 20:25:32,224-INFO-Inserted 245000 rows
2026-02-16 20:25:32,514-INFO-Inserted 250000 rows
2026-02-16 20:25:32,822-INFO-Inserted 255000 rows
2026-02-16 20:25:33,133-INFO-Inserted 260000 rows
2026-02-16 20:25:33,450-INFO-Inserted 265000 rows
2026-02-16 20:25:33,775-INFO-Inserted 270000 rows
2026-02-16 20:25:34,084-INFO-Inserted 275000 rows
2026-02-16 20:25:34,393-INFO-Inserted 280000 rows
2026-02-16 20:25:34,639-INFO-Inserted 285000 rows
2026-02-16 20:25:34,876-INFO-Inserted 290000 rows
2026-02-16 20:25:35,221-INFO-Inserted 295000 rows
2026-02-16 20:25:35,473-INFO-Inserted 300000 rows
2026-02-16 20:25:35,734-INFO-Inserted 305000 rows
2026-02-16 20:25:35,992-INFO-Inserted 310000 rows
2026-02-16 20:25:36,249-INFO-Inserted 315000 rows
2026-02-16 20:25:36,562-INFO-Inserted 320000 rows
2026-02-16 20:25:36,837-INFO-Inserted 325000 rows
2026-02-16 20:25:37,127-INFO-Inserted 330000 rows
2026-02-16 20:25:37,462-INFO-Inserted 335000 rows
2026-02-16 20:25:37,785-INFO-Inserted 340000 rows
2026-02-16 20:25:38,119-INFO-Inserted 345000 rows
2026-02-16 20:25:38,422-INFO-Inserted 350000 rows
2026-02-16 20:25:38,730-INFO-Inserted 355000 rows
2026-02-16 20:25:39,056-INFO-Inserted 360000 rows
2026-02-16 20:25:39,364-INFO-Inserted 365000 rows
2026-02-16 20:25:39,632-INFO-Inserted 370000 rows
2026-02-16 20:25:39,930-INFO-Inserted 375000 rows
2026-02-16 20:25:40,228-INFO-Inserted 380000 rows
2026-02-16 20:25:40,521-INFO-Inserted 385000 rows
2026-02-16 20:25:40,802-INFO-Inserted 390000 rows
2026-02-16 20:25:41,057-INFO-Inserted 395000 rows
2026-02-16 20:25:41,313-INFO-Inserted 400000 rows
2026-02-16 20:25:41,620-INFO-Inserted 405000 rows
2026-02-16 20:25:41,866-INFO-Inserted 410000 rows
2026-02-16 20:25:42,034-INFO-Inserted 415000 rows
2026-02-16 20:25:42,215-INFO-Inserted 420000 rows
2026-02-16 20:25:42,466-INFO-Inserted 425000 rows
2026-02-16 20:25:42,800-INFO-Inserted 430000 rows
2026-02-16 20:25:43,087-INFO-Inserted 435000 rows
2026-02-16 20:25:43,429-INFO-Inserted 440000 rows
2026-02-16 20:25:43,878-INFO-Inserted 445000 rows
2026-02-16 20:25:44,308-INFO-Inserted 450000 rows
2026-02-16 20:25:44,634-INFO-Inserted 455000 rows
2026-02-16 20:25:45,093-INFO-Inserted 460000 rows
2026-02-16 20:25:45,537-INFO-Inserted 465000 rows
2026-02-16 20:25:45,861-INFO-Inserted 470000 rows
2026-02-16 20:25:46,262-INFO-Inserted 475000 rows
2026-02-16 20:25:46,529-INFO-Inserted 480000 rows
2026-02-16 20:25:46,917-INFO-Inserted 485000 rows
2026-02-16 20:25:47,326-INFO-Inserted 490000 rows
2026-02-16 20:25:47,675-INFO-Inserted 495000 rows
2026-02-16 20:25:48,171-INFO-Inserted 500000 rows
2026-02-16 20:25:48,477-INFO-Inserted 505000 rows
2026-02-16 20:25:48,782-INFO-Inserted 510000 rows
2026-02-16 20:25:49,076-INFO-Inserted 515000 rows
2026-02-16 20:25:49,460-INFO-Inserted 520000 rows
2026-02-16 20:25:49,778-INFO-Inserted 525000 rows
2026-02-16 20:25:50,026-INFO-Inserted 530000 rows
2026-02-16 20:25:50,302-INFO-Inserted 535000 rows
2026-02-16 20:25:50,571-INFO-Inserted 540000 rows
2026-02-16 20:25:50,905-INFO-Inserted 545000 rows
2026-02-16 20:25:51,175-INFO-Inserted 550000 rows
2026-02-16 20:25:51,469-INFO-Inserted 555000 rows
2026-02-16 20:25:51,740-INFO-Inserted 560000 rows
2026-02-16 20:25:52,094-INFO-Inserted 565000 rows
2026-02-16 20:25:52,419-INFO-Inserted 570000 rows
2026-02-16 20:25:52,746-INFO-Inserted 575000 rows
2026-02-16 20:25:53,070-INFO-Inserted 580000 rows
2026-02-16 20:25:53,387-INFO-Inserted 585000 rows
2026-02-16 20:25:53,695-INFO-Inserted 590000 rows
2026-02-16 20:25:54,018-INFO-Inserted 595000 rows
2026-02-16 20:25:54,307-INFO-Inserted 600000 rows
2026-02-16 20:25:54,614-INFO-Inserted 605000 rows
2026-02-16 20:25:54,900-INFO-Inserted 610000 rows
2026-02-16 20:25:55,152-INFO-Inserted 615000 rows
2026-02-16 20:25:55,385-INFO-Inserted 620000 rows
2026-02-16 20:25:55,618-INFO-Inserted 625000 rows
2026-02-16 20:25:55,928-INFO-Inserted 630000 rows
2026-02-16 20:25:56,219-INFO-Inserted 635000 rows
2026-02-16 20:25:56,530-INFO-Inserted 640000 rows
2026-02-16 20:25:56,834-INFO-Inserted 645000 rows
2026-02-16 20:25:57,141-INFO-Inserted 650000 rows
2026-02-16 20:25:57,432-INFO-Inserted 655000 rows
2026-02-16 20:25:57,735-INFO-Inserted 660000 rows
2026-02-16 20:25:58,073-INFO-Inserted 665000 rows
2026-02-16 20:25:58,386-INFO-Inserted 670000 rows
2026-02-16 20:25:58,669-INFO-Inserted 675000 rows
2026-02-16 20:25:58,956-INFO-Inserted 680000 rows
2026-02-16 20:25:59,230-INFO-Inserted 685000 rows
2026-02-16 20:25:59,474-INFO-Inserted 690000 rows
2026-02-16 20:25:59,766-INFO-Inserted 695000 rows
2026-02-16 20:26:00,047-INFO-Inserted 700000 rows
2026-02-16 20:26:00,313-INFO-Inserted 705000 rows
2026-02-16 20:26:00,592-INFO-Inserted 710000 rows
2026-02-16 20:26:00,891-INFO-Inserted 715000 rows
2026-02-16 20:26:01,159-INFO-Inserted 720000 rows
2026-02-16 20:26:01,463-INFO-Inserted 725000 rows
2026-02-16 20:26:01,741-INFO-Inserted 730000 rows
2026-02-16 20:26:02,027-INFO-Inserted 735000 rows
2026-02-16 20:26:02,391-INFO-Inserted 740000 rows
2026-02-16 20:26:02,682-INFO-Inserted 745000 rows
2026-02-16 20:26:02,982-INFO-Inserted 750000 rows
2026-02-16 20:26:03,296-INFO-Inserted 755000 rows
2026-02-16 20:26:03,618-INFO-Inserted 760000 rows
2026-02-16 20:26:03,929-INFO-Inserted 765000 rows
2026-02-16 20:26:04,210-INFO-Inserted 770000 rows
2026-02-16 20:26:04,518-INFO-Inserted 775000 rows
2026-02-16 20:26:04,843-INFO-Inserted 780000 rows
2026-02-16 20:26:05,149-INFO-Inserted 785000 rows
2026-02-16 20:26:05,454-INFO-Inserted 790000 rows
2026-02-16 20:26:05,697-INFO-Inserted 795000 rows
2026-02-16 20:26:06,016-INFO-Inserted 800000 rows
2026-02-16 20:26:06,337-INFO-Inserted 805000 rows
2026-02-16 20:26:06,378-INFO-Inserted 805549 rows
2026-02-16 20:26:06,379-INFO-MySQL connection closed
2026-02-16 20:26:06,623-INFO-etl pipeline completed successfully
2026-02-16 20:30:03,671-INFO-Etl pipeline started
2026-02-16 20:30:03,672-INFO-Reading dataset
2026-02-16 20:30:06,235-INFO-Dataset read successfully
2026-02-16 20:30:06,235-INFO-extracted 1067371 rows
2026-02-16 20:30:06,236-INFO-Starting data transformation
2026-02-16 20:30:07,097-INFO-Data transformation completed successfully
2026-02-16 20:30:07,110-INFO-transformed data has (805549, 9) rows
2026-02-16 20:30:07,115-INFO-Data validation passed
2026-02-16 20:30:07,115-INFO-started data loading into mysql
2026-02-16 20:30:10,453-INFO-Inserted 5000 rows
2026-02-16 20:30:10,692-INFO-Inserted 10000 rows
2026-02-16 20:30:10,902-INFO-Inserted 15000 rows
2026-02-16 20:30:11,110-INFO-Inserted 20000 rows
2026-02-16 20:30:11,331-INFO-Inserted 25000 rows
2026-02-16 20:30:11,537-INFO-Inserted 30000 rows
2026-02-16 20:30:11,787-INFO-Inserted 35000 rows
2026-02-16 20:30:11,995-INFO-Inserted 40000 rows
2026-02-16 20:30:12,195-INFO-Inserted 45000 rows
2026-02-16 20:30:12,411-INFO-Inserted 50000 rows
2026-02-16 20:30:12,633-INFO-Inserted 55000 rows
2026-02-16 20:30:12,843-INFO-Inserted 60000 rows
2026-02-16 20:30:13,062-INFO-Inserted 65000 rows
2026-02-16 20:30:13,275-INFO-Inserted 70000 rows
2026-02-16 20:30:13,486-INFO-Inserted 75000 rows
2026-02-16 20:30:13,686-INFO-Inserted 80000 rows
2026-02-16 20:30:13,885-INFO-Inserted 85000 rows
2026-02-16 20:30:14,078-INFO-Inserted 90000 rows
2026-02-16 20:30:14,270-INFO-Inserted 95000 rows
2026-02-16 20:30:14,509-INFO-Inserted 100000 rows
2026-02-16 20:30:14,741-INFO-Inserted 105000 rows
2026-02-16 20:30:15,014-INFO-Inserted 110000 rows
2026-02-16 20:30:15,330-INFO-Inserted 115000 rows
2026-02-16 20:30:15,633-INFO-Inserted 120000 rows
2026-02-16 20:30:15,908-INFO-Inserted 125000 rows
2026-02-16 20:30:16,197-INFO-Inserted 130000 rows
2026-02-16 20:30:16,541-INFO-Inserted 135000 rows
2026-02-16 20:30:16,878-INFO-Inserted 140000 rows
2026-02-16 20:30:17,230-INFO-Inserted 145000 rows
2026-02-16 20:30:17,577-INFO-Inserted 150000 rows
2026-02-16 20:30:17,898-INFO-Inserted 155000 rows
2026-02-16 20:30:18,232-INFO-Inserted 160000 rows
2026-02-16 20:30:18,525-INFO-Inserted 165000 rows
2026-02-16 20:30:18,846-INFO-Inserted 170000 rows
2026-02-16 20:30:19,182-INFO-Inserted 175000 rows
2026-02-16 20:30:19,505-INFO-Inserted 180000 rows
2026-02-16 20:30:19,848-INFO-Inserted 185000 rows
2026-02-16 20:30:20,190-INFO-Inserted 190000 rows
2026-02-16 20:30:20,496-INFO-Inserted 195000 rows
2026-02-16 20:30:20,798-INFO-Inserted 200000 rows
2026-02-16 20:30:21,083-INFO-Inserted 205000 rows
2026-02-16 20:30:21,368-INFO-Inserted 210000 rows
2026-02-16 20:30:21,688-INFO-Inserted 215000 rows
2026-02-16 20:30:21,961-INFO-Inserted 220000 rows
2026-02-16 20:30:22,224-INFO-Inserted 225000 rows
2026-02-16 20:30:22,531-INFO-Inserted 230000 rows
2026-02-16 20:30:22,822-INFO-Inserted 235000 rows
2026-02-16 20:30:23,051-INFO-Inserted 240000 rows
2026-02-16 20:30:23,300-INFO-Inserted 245000 rows
2026-02-16 20:30:23,548-INFO-Inserted 250000 rows
2026-02-16 20:30:23,820-INFO-Inserted 255000 rows
2026-02-16 20:30:24,095-INFO-Inserted 260000 rows
2026-02-16 20:30:24,352-INFO-Inserted 265000 rows
2026-02-16 20:30:24,627-INFO-Inserted 270000 rows
2026-02-16 20:30:24,890-INFO-Inserted 275000 rows
2026-02-16 20:30:25,199-INFO-Inserted 280000 rows
2026-02-16 20:30:25,468-INFO-Inserted 285000 rows
2026-02-16 20:30:25,776-INFO-Inserted 290000 rows
2026-02-16 20:30:26,080-INFO-Inserted 295000 rows
2026-02-16 20:30:26,332-INFO-Inserted 300000 rows
2026-02-16 20:30:26,572-INFO-Inserted 305000 rows
2026-02-16 20:30:26,832-INFO-Inserted 310000 rows
2026-02-16 20:30:27,116-INFO-Inserted 315000 rows
2026-02-16 20:30:27,389-INFO-Inserted 320000 rows
2026-02-16 20:30:27,636-INFO-Inserted 325000 rows
2026-02-16 20:30:27,896-INFO-Inserted 330000 rows
2026-02-16 20:30:28,180-INFO-Inserted 335000 rows
2026-02-16 20:30:28,510-INFO-Inserted 340000 rows
2026-02-16 20:30:28,841-INFO-Inserted 345000 rows
2026-02-16 20:30:29,170-INFO-Inserted 350000 rows
2026-02-16 20:30:29,455-INFO-Inserted 355000 rows
2026-02-16 20:30:29,730-INFO-Inserted 360000 rows
2026-02-16 20:30:29,988-INFO-Inserted 365000 rows
2026-02-16 20:30:30,254-INFO-Inserted 370000 rows
2026-02-16 20:30:30,538-INFO-Inserted 375000 rows
2026-02-16 20:30:30,834-INFO-Inserted 380000 rows
2026-02-16 20:30:31,119-INFO-Inserted 385000 rows
2026-02-16 20:30:31,410-INFO-Inserted 390000 rows
2026-02-16 20:30:31,716-INFO-Inserted 395000 rows
2026-02-16 20:30:32,083-INFO-Inserted 400000 rows
2026-02-16 20:30:32,371-INFO-Inserted 405000 rows
2026-02-16 20:30:32,585-INFO-Inserted 410000 rows
2026-02-16 20:30:32,790-INFO-Inserted 415000 rows
2026-02-16 20:30:33,007-INFO-Inserted 420000 rows
2026-02-16 20:30:33,231-INFO-Inserted 425000 rows
2026-02-16 20:30:33,448-INFO-Inserted 430000 rows
2026-02-16 20:30:33,688-INFO-Inserted 435000 rows
2026-02-16 20:30:33,918-INFO-Inserted 440000 rows
2026-02-16 20:30:34,144-INFO-Inserted 445000 rows
2026-02-16 20:30:34,376-INFO-Inserted 450000 rows
2026-02-16 20:30:34,618-INFO-Inserted 455000 rows
2026-02-16 20:30:34,876-INFO-Inserted 460000 rows
2026-02-16 20:30:35,146-INFO-Inserted 465000 rows
2026-02-16 20:30:35,440-INFO-Inserted 470000 rows
2026-02-16 20:30:35,677-INFO-Inserted 475000 rows
2026-02-16 20:30:35,898-INFO-Inserted 480000 rows
2026-02-16 20:30:36,192-INFO-Inserted 485000 rows
2026-02-16 20:30:36,507-INFO-Inserted 490000 rows
2026-02-16 20:30:36,813-INFO-Inserted 495000 rows
2026-02-16 20:30:37,099-INFO-Inserted 500000 rows
2026-02-16 20:30:37,397-INFO-Inserted 505000 rows
2026-02-16 20:30:37,644-INFO-Inserted 510000 rows
2026-02-16 20:30:37,886-INFO-Inserted 515000 rows
2026-02-16 20:30:38,089-INFO-Inserted 520000 rows
2026-02-16 20:30:38,275-INFO-Inserted 525000 rows
2026-02-16 20:30:38,451-INFO-Inserted 530000 rows
2026-02-16 20:30:38,785-INFO-Inserted 535000 rows
2026-02-16 20:30:39,064-INFO-Inserted 540000 rows
2026-02-16 20:30:39,394-INFO-Inserted 545000 rows
2026-02-16 20:30:39,655-INFO-Inserted 550000 rows
2026-02-16 20:30:39,940-INFO-Inserted 555000 rows
2026-02-16 20:30:40,151-INFO-Inserted 560000 rows
2026-02-16 20:30:40,414-INFO-Inserted 565000 rows
2026-02-16 20:30:40,707-INFO-Inserted 570000 rows
2026-02-16 20:30:40,985-INFO-Inserted 575000 rows
2026-02-16 20:30:41,270-INFO-Inserted 580000 rows
2026-02-16 20:30:41,493-INFO-Inserted 585000 rows
2026-02-16 20:30:41,692-INFO-Inserted 590000 rows
2026-02-16 20:30:41,917-INFO-Inserted 595000 rows
2026-02-16 20:30:42,197-INFO-Inserted 600000 rows
2026-02-16 20:30:42,432-INFO-Inserted 605000 rows
2026-02-16 20:30:42,751-INFO-Inserted 610000 rows
2026-02-16 20:30:42,998-INFO-Inserted 615000 rows
2026-02-16 20:30:43,266-INFO-Inserted 620000 rows
2026-02-16 20:30:43,568-INFO-Inserted 625000 rows
2026-02-16 20:30:43,899-INFO-Inserted 630000 rows
2026-02-16 20:30:44,211-INFO-Inserted 635000 rows
2026-02-16 20:30:44,514-INFO-Inserted 640000 rows
2026-02-16 20:30:44,809-INFO-Inserted 645000 rows
2026-02-16 20:30:45,104-INFO-Inserted 650000 rows
2026-02-16 20:30:45,396-INFO-Inserted 655000 rows
2026-02-16 20:30:45,653-INFO-Inserted 660000 rows
2026-02-16 20:30:45,914-INFO-Inserted 665000 rows
2026-02-16 20:30:46,212-INFO-Inserted 670000 rows
2026-02-16 20:30:46,491-INFO-Inserted 675000 rows
2026-02-16 20:30:46,811-INFO-Inserted 680000 rows
2026-02-16 20:30:47,124-INFO-Inserted 685000 rows
2026-02-16 20:30:47,391-INFO-Inserted 690000 rows
2026-02-16 20:30:47,661-INFO-Inserted 695000 rows
2026-02-16 20:30:47,911-INFO-Inserted 700000 rows
2026-02-16 20:30:48,131-INFO-Inserted 705000 rows
2026-02-16 20:30:48,347-INFO-Inserted 710000 rows
2026-02-16 20:30:48,591-INFO-Inserted 715000 rows
2026-02-16 20:30:48,824-INFO-Inserted 720000 rows
2026-02-16 20:30:49,077-INFO-Inserted 725000 rows
2026-02-16 20:30:49,311-INFO-Inserted 730000 rows
2026-02-16 20:30:49,525-INFO-Inserted 735000 rows
2026-02-16 20:30:49,736-INFO-Inserted 740000 rows
2026-02-16 20:30:49,974-INFO-Inserted 745000 rows
2026-02-16 20:30:50,247-INFO-Inserted 750000 rows
2026-02-16 20:30:50,451-INFO-Inserted 755000 rows
2026-02-16 20:30:50,656-INFO-Inserted 760000 rows
2026-02-16 20:30:50,945-INFO-Inserted 765000 rows
2026-02-16 20:30:51,195-INFO-Inserted 770000 rows
2026-02-16 20:30:51,453-INFO-Inserted 775000 rows
2026-02-16 20:30:51,677-INFO-Inserted 780000 rows
2026-02-16 20:30:51,967-INFO-Inserted 785000 rows
2026-02-16 20:30:52,201-INFO-Inserted 790000 rows
2026-02-16 20:30:52,438-INFO-Inserted 795000 rows
2026-02-16 20:30:52,754-INFO-Inserted 800000 rows
2026-02-16 20:30:53,026-INFO-Inserted 805000 rows
2026-02-16 20:30:53,060-INFO-Inserted 805549 rows
2026-02-16 20:30:53,062-INFO-MySQL connection closed
2026-02-16 20:30:53,283-INFO-etl pipeline completed successfully
